// Jest Snapshot v1, https://goo.gl/fbAQLP

exports[`browser / public api 1`] = `
Array [
  "httpFetchExpression",
]
`;
