// Jest Snapshot v1, https://goo.gl/fbAQLP

exports[`node.js / public api 1`] = `
Array [
  "httpFetchExpression",
]
`;
